<?xml version="1.0" encoding="UTF-8"?>
<TestRun id="4dd797e4-8589-4a44-a927-64efea67f6fc" name="M@PC 2014-06-24 01:28:39" runUser="PC\M" xmlns="http://microsoft.com/schemas/VisualStudio/TeamTest/2010">
  <TestSettings name="Local" id="c2526078-338b-419d-95f2-c912c15ea549">
    <Description>These are default test settings for a local test run.</Description>
    <Deployment enabled="false" runDeploymentRoot="M_PC 2014-06-24 01_28_39">
      <DeploymentItem filename="C:\Users\Administrator\workspace\numberparseETL\parseNumberETL\parseNumberETL\bin\Debug\parseNumberETL.exe" />
    </Deployment>
    <Execution>
      <TestTypeSpecific />
      <AgentRule name="Execution Agents">
      </AgentRule>
    </Execution>
  </TestSettings>
  <Times creation="2014-06-24T01:28:39.4933676+01:00" queuing="2014-06-24T01:28:39.5983736+01:00" start="2014-06-24T01:28:39.6063740+01:00" finish="2014-06-24T01:28:40.1224036+01:00" />
  <ResultSummary outcome="Completed">
    <Counters total="1" executed="1" passed="1" error="0" failed="0" timeout="0" aborted="0" inconclusive="0" passedButRunAborted="0" notRunnable="0" notExecuted="0" disconnected="0" warning="0" completed="0" inProgress="0" pending="0" />
  </ResultSummary>
  <TestDefinitions>
    <UnitTest name="TestReadAllNumbers" storage="c:\users\administrator\workspace\numberparseetl\parsenumberetl\testfileread\bin\debug\testfileread.dll" id="a2600fe0-5b83-5974-d400-9ad835aee1b7">
      <Execution id="dc92363d-3f18-41cf-ac7e-b96d1da4a3d1" />
      <TestMethod codeBase="C:/Users/Administrator/workspace/numberparseETL/parseNumberETL/TestFileRead/bin/Debug/TestFileRead.DLL" adapterTypeName="Microsoft.VisualStudio.TestTools.TestTypes.Unit.UnitTestAdapter, Microsoft.VisualStudio.QualityTools.Tips.UnitTest.Adapter, Version=10.0.0.0, Culture=neutral, PublicKeyToken=b03f5f7f11d50a3a" className="TestFileRead.TestFileRead, TestFileRead, Version=1.0.0.0, Culture=neutral, PublicKeyToken=null" name="TestReadAllNumbers" />
    </UnitTest>
  </TestDefinitions>
  <TestLists>
    <TestList name="Results Not in a List" id="8c84fa94-04c1-424b-9868-57a2d4851a1d" />
    <TestList name="All Loaded Results" id="19431567-8539-422a-85d7-44ee4e166bda" />
  </TestLists>
  <TestEntries>
    <TestEntry testId="a2600fe0-5b83-5974-d400-9ad835aee1b7" executionId="dc92363d-3f18-41cf-ac7e-b96d1da4a3d1" testListId="8c84fa94-04c1-424b-9868-57a2d4851a1d" />
  </TestEntries>
  <Results>
    <UnitTestResult executionId="dc92363d-3f18-41cf-ac7e-b96d1da4a3d1" testId="a2600fe0-5b83-5974-d400-9ad835aee1b7" testName="TestReadAllNumbers" computerName="PC" duration="00:00:00.0397938" startTime="2014-06-24T01:28:39.6103743+01:00" endTime="2014-06-24T01:28:40.0954020+01:00" testType="13cdc9d9-ddb5-4fa4-a97d-d965ccfc6d4b" outcome="Passed" testListId="8c84fa94-04c1-424b-9868-57a2d4851a1d" relativeResultsDirectory="dc92363d-3f18-41cf-ac7e-b96d1da4a3d1">
    </UnitTestResult>
  </Results>
</TestRun>