<?xml version="1.0" encoding="UTF-8"?>
<TestRun id="8b3ef5e2-135e-4725-bd71-b49d0cf7abd8" name="M@PC 2014-06-25 01:11:15" runUser="PC\M" xmlns="http://microsoft.com/schemas/VisualStudio/TeamTest/2010">
  <TestSettings name="Local" id="25d95d92-a3da-429b-ba8b-37332bbdc706">
    <Description>These are default test settings for a local test run.</Description>
    <Deployment enabled="false" runDeploymentRoot="M_PC 2014-06-25 01_11_15" />
    <Execution>
      <TestTypeSpecific />
      <AgentRule name="Execution Agents">
      </AgentRule>
    </Execution>
  </TestSettings>
  <Times creation="2014-06-25T01:11:15.5884570+01:00" queuing="2014-06-25T01:11:15.6984633+01:00" start="2014-06-25T01:11:15.7304651+01:00" finish="2014-06-25T01:11:16.2734961+01:00" />
  <ResultSummary outcome="Completed">
    <Counters total="1" executed="1" passed="1" error="0" failed="0" timeout="0" aborted="0" inconclusive="0" passedButRunAborted="0" notRunnable="0" notExecuted="0" disconnected="0" warning="0" completed="0" inProgress="0" pending="0" />
  </ResultSummary>
  <TestDefinitions>
    <UnitTest name="TestGetSD" storage="c:\users\administrator\workspace\numberparseetl\parsenumberetl\testmath\bin\debug\testmath.dll" id="a2fb88cd-1d65-a4be-de56-b9ec4b6055be">
      <Execution id="394a7f76-783d-4d96-8f57-b0ef7d3d8bd2" />
      <TestMethod codeBase="C:/Users/Administrator/workspace/numberparseETL/parseNumberETL/TestMath/bin/Debug/TestMath.DLL" adapterTypeName="Microsoft.VisualStudio.TestTools.TestTypes.Unit.UnitTestAdapter, Microsoft.VisualStudio.QualityTools.Tips.UnitTest.Adapter, Version=10.0.0.0, Culture=neutral, PublicKeyToken=b03f5f7f11d50a3a" className="TestMath.MathTest, TestMath, Version=1.0.0.0, Culture=neutral, PublicKeyToken=null" name="TestGetSD" />
    </UnitTest>
  </TestDefinitions>
  <TestLists>
    <TestList name="Results Not in a List" id="8c84fa94-04c1-424b-9868-57a2d4851a1d" />
    <TestList name="All Loaded Results" id="19431567-8539-422a-85d7-44ee4e166bda" />
  </TestLists>
  <TestEntries>
    <TestEntry testId="a2fb88cd-1d65-a4be-de56-b9ec4b6055be" executionId="394a7f76-783d-4d96-8f57-b0ef7d3d8bd2" testListId="8c84fa94-04c1-424b-9868-57a2d4851a1d" />
  </TestEntries>
  <Results>
    <UnitTestResult executionId="394a7f76-783d-4d96-8f57-b0ef7d3d8bd2" testId="a2fb88cd-1d65-a4be-de56-b9ec4b6055be" testName="TestGetSD" computerName="PC" duration="00:00:00.0774837" startTime="2014-06-25T01:11:15.7174643+01:00" endTime="2014-06-25T01:11:16.2404943+01:00" testType="13cdc9d9-ddb5-4fa4-a97d-d965ccfc6d4b" outcome="Passed" testListId="8c84fa94-04c1-424b-9868-57a2d4851a1d" relativeResultsDirectory="394a7f76-783d-4d96-8f57-b0ef7d3d8bd2">
    </UnitTestResult>
  </Results>
</TestRun>