<?xml version="1.0" encoding="UTF-8"?>
<TestRun id="7f92290b-accd-4790-a6d6-14935f4627d5" name="M@PC 2014-06-25 00:15:39" runUser="PC\M" xmlns="http://microsoft.com/schemas/VisualStudio/TeamTest/2010">
  <TestSettings name="Local" id="25d95d92-a3da-429b-ba8b-37332bbdc706">
    <Description>These are default test settings for a local test run.</Description>
    <Deployment enabled="false" runDeploymentRoot="M_PC 2014-06-25 00_15_39" />
    <Execution>
      <TestTypeSpecific />
      <AgentRule name="Execution Agents">
      </AgentRule>
    </Execution>
  </TestSettings>
  <Times creation="2014-06-25T00:15:39.5646473+01:00" queuing="2014-06-25T00:15:39.6916546+01:00" start="2014-06-25T00:15:39.7046553+01:00" finish="2014-06-25T00:15:40.4396974+01:00" />
  <ResultSummary outcome="Completed">
    <Counters total="1" executed="1" passed="1" error="0" failed="0" timeout="0" aborted="0" inconclusive="0" passedButRunAborted="0" notRunnable="0" notExecuted="0" disconnected="0" warning="0" completed="0" inProgress="0" pending="0" />
  </ResultSummary>
  <TestDefinitions>
    <UnitTest name="TestGetMean" storage="c:\users\administrator\workspace\numberparseetl\parsenumberetl\testmath\bin\debug\testmath.dll" id="6e9b59fe-e71a-eb04-8128-83cce582bb40">
      <Execution id="6b86fd42-0a7f-46db-8ae6-bf0903c70518" />
      <TestMethod codeBase="C:/Users/Administrator/workspace/numberparseETL/parseNumberETL/TestMath/bin/Debug/TestMath.DLL" adapterTypeName="Microsoft.VisualStudio.TestTools.TestTypes.Unit.UnitTestAdapter, Microsoft.VisualStudio.QualityTools.Tips.UnitTest.Adapter, Version=10.0.0.0, Culture=neutral, PublicKeyToken=b03f5f7f11d50a3a" className="TestMath.MathTest, TestMath, Version=1.0.0.0, Culture=neutral, PublicKeyToken=null" name="TestGetMean" />
    </UnitTest>
  </TestDefinitions>
  <TestLists>
    <TestList name="Results Not in a List" id="8c84fa94-04c1-424b-9868-57a2d4851a1d" />
    <TestList name="All Loaded Results" id="19431567-8539-422a-85d7-44ee4e166bda" />
  </TestLists>
  <TestEntries>
    <TestEntry testId="6e9b59fe-e71a-eb04-8128-83cce582bb40" executionId="6b86fd42-0a7f-46db-8ae6-bf0903c70518" testListId="8c84fa94-04c1-424b-9868-57a2d4851a1d" />
  </TestEntries>
  <Results>
    <UnitTestResult executionId="6b86fd42-0a7f-46db-8ae6-bf0903c70518" testId="6e9b59fe-e71a-eb04-8128-83cce582bb40" testName="TestGetMean" computerName="PC" duration="00:00:00.0317627" startTime="2014-06-25T00:15:39.7146559+01:00" endTime="2014-06-25T00:15:40.3486922+01:00" testType="13cdc9d9-ddb5-4fa4-a97d-d965ccfc6d4b" outcome="Passed" testListId="8c84fa94-04c1-424b-9868-57a2d4851a1d" relativeResultsDirectory="6b86fd42-0a7f-46db-8ae6-bf0903c70518">
    </UnitTestResult>
  </Results>
</TestRun>